// Jest Snapshot v1, https://goo.gl/fbAQLP

exports[`<App /> renders same as snapshot 1`] = `
<Fragment>
  <h1>
    DevBobBobBob
  </h1>
</Fragment>
`;
